{
    "sarscov2 - fastq.gz - paired-end": {
        "content": [
            {
                "0": [
                    
                ],
                "1": [
                    
                ],
                "2": [
                    
                ],
                "3": [
                    
                ],
                "4": [
                    
                ],
                "5": [
                    
                ],
                "bai": [
                    
                ],
                "bam": [
                    
                ],
                "bqsr_table": [
                    
                ],
                "duplicate_metrics": [
                    
                ],
                "qc_metrics": [
                    
                ],
                "versions": [
                    
                ]
            }
        ],
        "meta": {
            "nf-test": "0.9.0",
            "nextflow": "24.10.0"
        },
        "timestamp": "2024-10-29T16:10:31.241406"
    },
    "sarscov2 - fastq.gz - single-end": {
        "content": [
            {
                "0": [
                    
                ],
                "1": [
                    
                ],
                "2": [
                    
                ],
                "3": [
                    
                ],
                "4": [
                    
                ],
                "5": [
                    
                ],
                "bai": [
                    
                ],
                "bam": [
                    
                ],
                "bqsr_table": [
                    
                ],
                "duplicate_metrics": [
                    
                ],
                "qc_metrics": [
                    
                ],
                "versions": [
                    
                ]
            }
        ],
        "meta": {
            "nf-test": "0.9.0",
            "nextflow": "24.10.0"
        },
        "timestamp": "2024-10-29T16:10:40.006796"
    }
}